// Jest Snapshot v1, https://goo.gl/fbAQLP

exports[`General Button Component renders as expected 1`] = `
<button
  aria-label={null}
  className="general-button my-2 btn btn-primary disabled"
  disabled={true}
  onClick={[Function]}
  type="submit"
>
  Find
</button>
`;
