// Jest Snapshot v1, https://goo.gl/fbAQLP

exports[`Input Field Input field component renders as expected 1`] = `
<input
  className="input-field form-control"
  name="myinputfield"
  placeholder="placeholder"
  type="text"
  value="idir"
/>
`;
