// Jest Snapshot v1, https://goo.gl/fbAQLP

exports[`User Access Component renders as expected 1`] = `
<div
  className="move-down container"
>
  <div
    className="row row-cols-1 row-cols-sm-1 row-cols-md-2"
    id="user-access-row"
  >
    <div
      className="cols col"
    >
      <div
        className="inner-row row"
      >
        <div
          className="big-font col"
        >
          USER
        </div>
      </div>
      <div
        className="project-div"
      >
        <div
          className="project-list-item"
          id="project-info"
        >
          <strong
            className="large-size"
          >
            username
          </strong>
          <p
            className="project-list-item"
            id="email-info"
          >
            useremail@gov.bc.ca
          </p>
          
          
        </div>
        <div />
      </div>
    </div>
    <div
      className="top-projects col"
      id="noProjects"
    >
      <div
        className="cols"
      >
        <div
          className="row"
        >
          <div
            className="big-font col"
          >
            CURRENT PROJECTS
          </div>
        </div>
        <div>
          <p>
            No projects
          </p>
        </div>
      </div>
    </div>
  </div>
  <div
    className="outer row row-cols-1 row-cols-sm-1 row-cols-md-2"
  >
    <div
      className="col"
    />
    <div
      className="col"
    >
      <div
        className="drop-plus"
      >
        <div
          className="dropdown"
          onKeyDown={[Function]}
        >
          <button
            aria-expanded={false}
            aria-haspopup={true}
            aria-label={null}
            className="btn btn-secondary"
            id="dropdown"
            onClick={[Function]}
            type="button"
          >
            <div
              id="title"
            >
              Select a project
            </div>
            <div
              className="img"
            >
              <svg
                fill="currentColor"
                height="1em"
                stroke="currentColor"
                strokeWidth="0"
                style={
                  Object {
                    "color": undefined,
                  }
                }
                viewBox="0 0 320 512"
                width="1em"
                xmlns="http://www.w3.org/2000/svg"
              >
                <path
                  d="M31.3 192h257.3c17.8 0 26.7 21.5 14.1 34.1L174.1 354.8c-7.8 7.8-20.5 7.8-28.3 0L17.2 226.1C4.6 213.5 13.5 192 31.3 192z"
                />
              </svg>
            </div>
          </button>
          <div
            aria-hidden={true}
            className="dropdown-menu"
            data-cy="drop-down-menu"
            role="menu"
            tabIndex="-1"
          >
            <button
              className="dropdown-item"
              onClick={[Function]}
              role="menuitem"
              tabIndex="0"
              type="button"
            >
              name
            </button>
          </div>
        </div>
      </div>
    </div>
    <div
      className="col"
    >
      
    </div>
  </div>
</div>
`;
