// Jest Snapshot v1, https://goo.gl/fbAQLP

exports[`Input Field Component renders as expected 1`] = `
<input
  className="input-field form-control"
  defaultValue="idir"
  name="myinputfield"
  placeholder="placeholder"
  type="text"
/>
`;
